// Jest Snapshot v1, https://goo.gl/fbAQLP

exports[`renders Dashboard 1`] = `ShallowWrapper {}`;
